<<<<<<< HEAD
HTTPSConnectionPool(host='e2013-db.documents.azure.com', port=443): Max retries exceeded with url: / (Caused by NewConnectionError('<urllib3.connection.VerifiedHTTPSConnection object at 0x000001B15AE60BB0>: Failed to establish a new connection: [Errno 11001] getaddrinfo failed'))
HTTPSConnectionPool(host='e2013-db.documents.azure.com', port=443): Max retries exceeded with url: / (Caused by NewConnectionError('<urllib3.connection.VerifiedHTTPSConnection object at 0x000001B15A97F340>: Failed to establish a new connection: [Errno 11001] getaddrinfo failed'))
HTTPSConnectionPool(host='e2013-db.documents.azure.com', port=443): Max retries exceeded with url: / (Caused by NewConnectionError('<urllib3.connection.VerifiedHTTPSConnection object at 0x000001B15B0848E0>: Failed to establish a new connection: [Errno 11001] getaddrinfo failed'))
HTTPSConnectionPool(host='e2013-db.documents.azure.com', port=443): Max retries exceeded with url: / (Caused by NewConnectionError('<urllib3.connection.VerifiedHTTPSConnection object at 0x000001B15AB54D60>: Failed to establish a new connection: [Errno 11001] getaddrinfo failed'))
HTTPSConnectionPool(host='e2013-db.documents.azure.com', port=443): Max retries exceeded with url: / (Caused by NewConnectionError('<urllib3.connection.VerifiedHTTPSConnection object at 0x000001B15AC4CDC0>: Failed to establish a new connection: [Errno 11001] getaddrinfo failed'))
HTTPSConnectionPool(host='e2013-db.documents.azure.com', port=443): Max retries exceeded with url: / (Caused by NewConnectionError('<urllib3.connection.VerifiedHTTPSConnection object at 0x000001B15AE600D0>: Failed to establish a new connection: [Errno 11001] getaddrinfo failed'))
HTTPSConnectionPool(host='e2013-db.documents.azure.com', port=443): Max retries exceeded with url: / (Caused by NewConnectionError('<urllib3.connection.VerifiedHTTPSConnection object at 0x000001B15AC4D730>: Failed to establish a new connection: [Errno 11001] getaddrinfo failed'))
HTTPSConnectionPool(host='e2013-db.documents.azure.com', port=443): Max retries exceeded with url: / (Caused by NewConnectionError('<urllib3.connection.VerifiedHTTPSConnection object at 0x000001B15B252970>: Failed to establish a new connection: [Errno 11001] getaddrinfo failed'))
HTTPSConnectionPool(host='e2013-db.documents.azure.com', port=443): Max retries exceeded with url: / (Caused by NewConnectionError('<urllib3.connection.VerifiedHTTPSConnection object at 0x000001B15A8176A0>: Failed to establish a new connection: [Errno 11001] getaddrinfo failed'))
HTTPSConnectionPool(host='e2013-db.documents.azure.com', port=443): Max retries exceeded with url: / (Caused by NewConnectionError('<urllib3.connection.VerifiedHTTPSConnection object at 0x000001B15B252790>: Failed to establish a new connection: [Errno 11001] getaddrinfo failed'))
HTTPSConnectionPool(host='e2013-db.documents.azure.com', port=443): Max retries exceeded with url: / (Caused by NewConnectionError('<urllib3.connection.VerifiedHTTPSConnection object at 0x000001B15B227520>: Failed to establish a new connection: [Errno 11001] getaddrinfo failed'))
HTTPSConnectionPool(host='e2013-db.documents.azure.com', port=443): Max retries exceeded with url: / (Caused by NewConnectionError('<urllib3.connection.VerifiedHTTPSConnection object at 0x000001B15AE60BB0>: Failed to establish a new connection: [Errno 11001] getaddrinfo failed'))
HTTPSConnectionPool(host='e2013-db.documents.azure.com', port=443): Max retries exceeded with url: / (Caused by NewConnectionError('<urllib3.connection.VerifiedHTTPSConnection object at 0x000001B15A97FE20>: Failed to establish a new connection: [Errno 11001] getaddrinfo failed'))
HTTPSConnectionPool(host='e2013-db.documents.azure.com', port=443): Max retries exceeded with url: / (Caused by NewConnectionError('<urllib3.connection.VerifiedHTTPSConnection object at 0x000001B15B084280>: Failed to establish a new connection: [Errno 11001] getaddrinfo failed'))
HTTPSConnectionPool(host='e2013-db.documents.azure.com', port=443): Max retries exceeded with url: / (Caused by NewConnectionError('<urllib3.connection.VerifiedHTTPSConnection object at 0x000001B15A931B80>: Failed to establish a new connection: [Errno 11001] getaddrinfo failed'))
HTTPSConnectionPool(host='e2013-db.documents.azure.com', port=443): Max retries exceeded with url: / (Caused by NewConnectionError('<urllib3.connection.VerifiedHTTPSConnection object at 0x000001B15A931250>: Failed to establish a new connection: [Errno 11001] getaddrinfo failed'))
HTTPSConnectionPool(host='e2013-db.documents.azure.com', port=443): Max retries exceeded with url: / (Caused by NewConnectionError('<urllib3.connection.VerifiedHTTPSConnection object at 0x000001B15AE60400>: Failed to establish a new connection: [Errno 11001] getaddrinfo failed'))
HTTPSConnectionPool(host='e2013-db.documents.azure.com', port=443): Max retries exceeded with url: / (Caused by NewConnectionError('<urllib3.connection.VerifiedHTTPSConnection object at 0x000001B15AE60430>: Failed to establish a new connection: [Errno 11001] getaddrinfo failed'))
HTTPSConnectionPool(host='e2013-db.documents.azure.com', port=443): Max retries exceeded with url: / (Caused by NewConnectionError('<urllib3.connection.VerifiedHTTPSConnection object at 0x000001B15B252C70>: Failed to establish a new connection: [Errno 11001] getaddrinfo failed'))
HTTPSConnectionPool(host='e2013-db.documents.azure.com', port=443): Max retries exceeded with url: / (Caused by NewConnectionError('<urllib3.connection.VerifiedHTTPSConnection object at 0x000001B15B252190>: Failed to establish a new connection: [Errno 11001] getaddrinfo failed'))
HTTPSConnectionPool(host='e2013-db.documents.azure.com', port=443): Max retries exceeded with url: / (Caused by NewConnectionError('<urllib3.connection.VerifiedHTTPSConnection object at 0x000001B15AA5B640>: Failed to establish a new connection: [Errno 11001] getaddrinfo failed'))
HTTPSConnectionPool(host='e2013-db.documents.azure.com', port=443): Max retries exceeded with url: / (Caused by NewConnectionError('<urllib3.connection.VerifiedHTTPSConnection object at 0x000001B15AC5B190>: Failed to establish a new connection: [Errno 11001] getaddrinfo failed'))
HTTPSConnectionPool(host='e2013-db.documents.azure.com', port=443): Max retries exceeded with url: / (Caused by NewConnectionError('<urllib3.connection.VerifiedHTTPSConnection object at 0x000001B15B28D160>: Failed to establish a new connection: [Errno 11001] getaddrinfo failed'))
HTTPSConnectionPool(host='e2013-db.documents.azure.com', port=443): Max retries exceeded with url: / (Caused by NewConnectionError('<urllib3.connection.VerifiedHTTPSConnection object at 0x000001B15AE60070>: Failed to establish a new connection: [Errno 11001] getaddrinfo failed'))
HTTPSConnectionPool(host='e2013-db.documents.azure.com', port=443): Max retries exceeded with url: / (Caused by NewConnectionError('<urllib3.connection.VerifiedHTTPSConnection object at 0x000001B15A97FA60>: Failed to establish a new connection: [Errno 11001] getaddrinfo failed'))
HTTPSConnectionPool(host='e2013-db.documents.azure.com', port=443): Max retries exceeded with url: / (Caused by NewConnectionError('<urllib3.connection.VerifiedHTTPSConnection object at 0x000001B15B084B50>: Failed to establish a new connection: [Errno 11001] getaddrinfo failed'))
Status code: 400
{"code":"BadRequest","message":"Message: {\"errors\":[{\"severity\":\"Error\",\"location\":{\"start\":12,\"end\":13},\"code\":\"SC1001\",\"message\":\"Syntax error, incorrect syntax near '*'.\"}]}\r\nActivityId: ce8174a8-7f20-4cea-96d7-3287f9fce5e3, Microsoft.Azure.Documents.Common/2.10.0"}
Status code: 400
{"code":"BadRequest","message":"Message: {\"errors\":[{\"severity\":\"Error\",\"location\":{\"start\":12,\"end\":13},\"code\":\"SC1001\",\"message\":\"Syntax error, incorrect syntax near '*'.\"}]}\r\nActivityId: 00cd8176-ca0c-49cc-a458-0d93dcc07d39, Microsoft.Azure.Documents.Common/2.10.0"}
Status code: 400
{"code":"BadRequest","message":"Message: {\"errors\":[{\"severity\":\"Error\",\"location\":{\"start\":12,\"end\":13},\"code\":\"SC1001\",\"message\":\"Syntax error, incorrect syntax near '*'.\"}]}\r\nActivityId: 1d9dfdb7-89cf-477f-aef9-f6b2ce423776, Microsoft.Azure.Documents.Common/2.10.0"}
Status code: 400
{"code":"BadRequest","message":"Message: {\"errors\":[{\"severity\":\"Error\",\"location\":{\"start\":12,\"end\":13},\"code\":\"SC1001\",\"message\":\"Syntax error, incorrect syntax near '*'.\"}]}\r\nActivityId: eaedf992-b76d-4708-b53e-8ee83589598b, Microsoft.Azure.Documents.Common/2.10.0"}
Status code: 400
{"code":"BadRequest","message":"Message: {\"errors\":[{\"severity\":\"Error\",\"location\":{\"start\":12,\"end\":13},\"code\":\"SC1001\",\"message\":\"Syntax error, incorrect syntax near '*'.\"}]}\r\nActivityId: 03b1e647-1280-4952-930d-82449e3ddaf4, Microsoft.Azure.Documents.Common/2.10.0"}
Status code: 400
{"code":"BadRequest","message":"Message: {\"errors\":[{\"severity\":\"Error\",\"location\":{\"start\":12,\"end\":13},\"code\":\"SC1001\",\"message\":\"Syntax error, incorrect syntax near '*'.\"}]}\r\nActivityId: 674eaf33-bb77-43f5-b00f-c709f784375c, Microsoft.Azure.Documents.Common/2.10.0"}
Status code: 400
{"code":"BadRequest","message":"Message: {\"errors\":[{\"severity\":\"Error\",\"location\":{\"start\":12,\"end\":13},\"code\":\"SC1001\",\"message\":\"Syntax error, incorrect syntax near '*'.\"}]}\r\nActivityId: aeb9f520-6fca-473f-9704-e4c96f4c0ede, Microsoft.Azure.Documents.Common/2.10.0"}
min() arg is an empty sequence
Status code: 400
{"code":"BadRequest","message":"Message: {\"errors\":[{\"severity\":\"Error\",\"location\":{\"start\":80,\"end\":90},\"code\":\"SC2001\",\"message\":\"Identifier 'heatTrace1' could not be resolved.\"}]}\r\nActivityId: bb02380a-da63-4586-84ac-488355267a4c, Microsoft.Azure.Documents.Common/2.10.0"}
min() arg is an empty sequence
min() arg is an empty sequence
min() arg is an empty sequence
min() arg is an empty sequence
min() arg is an empty sequence
min() arg is an empty sequence
min() arg is an empty sequence
min() arg is an empty sequence
min() arg is an empty sequence
Status code: 400
{"code":"BadRequest","message":"Message: {\"errors\":[{\"severity\":\"Error\",\"location\":{\"start\":12,\"end\":13},\"code\":\"SC1001\",\"message\":\"Syntax error, incorrect syntax near '*'.\"}]}\r\nActivityId: f32c1e04-cde1-439c-b873-cb9bbccaa6bb, Microsoft.Azure.Documents.Common/2.10.0"}
Status code: 400
{"code":"BadRequest","message":"Message: {\"errors\":[{\"severity\":\"Error\",\"location\":{\"start\":12,\"end\":13},\"code\":\"SC1001\",\"message\":\"Syntax error, incorrect syntax near '*'.\"}]}\r\nActivityId: 50919683-2dea-4b32-a6f2-d2166dcbd5c7, Microsoft.Azure.Documents.Common/2.10.0"}
Status code: 400
{"code":"BadRequest","message":"Message: {\"errors\":[{\"severity\":\"Error\",\"location\":{\"start\":12,\"end\":13},\"code\":\"SC1001\",\"message\":\"Syntax error, incorrect syntax near '*'.\"}]}\r\nActivityId: 837a79e9-b72b-4b5a-a5a9-1b85a64c0704, Microsoft.Azure.Documents.Common/2.10.0"}
min() arg is an empty sequence
min() arg is an empty sequence
min() arg is an empty sequence
min() arg is an empty sequence
min() arg is an empty sequence
min() arg is an empty sequence
Status code: 400
{"code":"BadRequest","message":"Message: {\"errors\":[{\"severity\":\"Error\",\"location\":{\"start\":12,\"end\":13},\"code\":\"SC1001\",\"message\":\"Syntax error, incorrect syntax near '*'.\"}]}\r\nActivityId: ea3e76b2-4cd3-45e2-878d-1cab9104d3f1, Microsoft.Azure.Documents.Common/2.10.0"}
Status code: 400
{"code":"BadRequest","message":"Message: {\"errors\":[{\"severity\":\"Error\",\"location\":{\"start\":12,\"end\":13},\"code\":\"SC1001\",\"message\":\"Syntax error, incorrect syntax near '*'.\"}]}\r\nActivityId: 0b1fbab1-ec5d-43ba-939c-96afda400931, Microsoft.Azure.Documents.Common/2.10.0"}
min() arg is an empty sequence
min() arg is an empty sequence
Status code: 400
{"code":"BadRequest","message":"Message: {\"errors\":[{\"severity\":\"Error\",\"location\":{\"start\":12,\"end\":13},\"code\":\"SC1001\",\"message\":\"Syntax error, incorrect syntax near '*'.\"}]}\r\nActivityId: cde5a866-58d7-4726-bae4-94b07e79cb8b, Microsoft.Azure.Documents.Common/2.10.0"}
Status code: 400
{"code":"BadRequest","message":"Message: {\"errors\":[{\"severity\":\"Error\",\"location\":{\"start\":12,\"end\":13},\"code\":\"SC1001\",\"message\":\"Syntax error, incorrect syntax near '*'.\"}]}\r\nActivityId: 910e5aa4-cf1a-425c-8e02-a494149c4c1e, Microsoft.Azure.Documents.Common/2.10.0"}
Status code: 400
{"code":"BadRequest","message":"Message: {\"errors\":[{\"severity\":\"Error\",\"location\":{\"start\":12,\"end\":13},\"code\":\"SC1001\",\"message\":\"Syntax error, incorrect syntax near '*'.\"}]}\r\nActivityId: c604aa06-87b0-4487-b50e-b53698362306, Microsoft.Azure.Documents.Common/2.10.0"}
Status code: 400
{"code":"BadRequest","message":"Message: {\"errors\":[{\"severity\":\"Error\",\"location\":{\"start\":12,\"end\":13},\"code\":\"SC1001\",\"message\":\"Syntax error, incorrect syntax near '*'.\"}]}\r\nActivityId: 87fab44b-abbf-45d3-9ec0-f4731224c7b0, Microsoft.Azure.Documents.Common/2.10.0"}
Status code: 400
{"code":"BadRequest","message":"Message: {\"errors\":[{\"severity\":\"Error\",\"location\":{\"start\":12,\"end\":13},\"code\":\"SC1001\",\"message\":\"Syntax error, incorrect syntax near '*'.\"}]}\r\nActivityId: e324e6d5-91c5-4203-abb8-38aac80a3523, Microsoft.Azure.Documents.Common/2.10.0"}
Status code: 400
{"code":"BadRequest","message":"Message: {\"errors\":[{\"severity\":\"Error\",\"location\":{\"start\":12,\"end\":13},\"code\":\"SC1001\",\"message\":\"Syntax error, incorrect syntax near '*'.\"}]}\r\nActivityId: b3f596d6-daad-492c-9adc-9571b12e3d3e, Microsoft.Azure.Documents.Common/2.10.0"}
Status code: 400
{"code":"BadRequest","message":"Message: {\"errors\":[{\"severity\":\"Error\",\"location\":{\"start\":12,\"end\":13},\"code\":\"SC1001\",\"message\":\"Syntax error, incorrect syntax near '*'.\"}]}\r\nActivityId: 5aa32dfc-6772-4ca9-96a8-af03b5acf040, Microsoft.Azure.Documents.Common/2.10.0"}
Status code: 400
{"code":"BadRequest","message":"Message: {\"errors\":[{\"severity\":\"Error\",\"location\":{\"start\":12,\"end\":13},\"code\":\"SC1001\",\"message\":\"Syntax error, incorrect syntax near '*'.\"}]}\r\nActivityId: 6c7a386e-66cc-4bd5-a8ff-87eef4e71229, Microsoft.Azure.Documents.Common/2.10.0"}
Status code: 400
{"code":"BadRequest","message":"Message: {\"errors\":[{\"severity\":\"Error\",\"location\":{\"start\":12,\"end\":13},\"code\":\"SC1001\",\"message\":\"Syntax error, incorrect syntax near '*'.\"}]}\r\nActivityId: 0d12cc2e-3adf-4aac-84b0-c843191f5be8, Microsoft.Azure.Documents.Common/2.10.0"}
Status code: 400
{"code":"BadRequest","message":"Message: {\"errors\":[{\"severity\":\"Error\",\"location\":{\"start\":12,\"end\":13},\"code\":\"SC1001\",\"message\":\"Syntax error, incorrect syntax near '*'.\"}]}\r\nActivityId: 2b18e065-29f6-4db8-a630-f8fbb68e1230, Microsoft.Azure.Documents.Common/2.10.0"}
name 'Null' is not defined
name 'Null' is not defined
min() arg is an empty sequence
min() arg is an empty sequence
min() arg is an empty sequence
min() arg is an empty sequence
min() arg is an empty sequence
min() arg is an empty sequence
Status code: 400
{"code":"BadRequest","message":"Message: {\"errors\":[{\"severity\":\"Error\",\"location\":{\"start\":12,\"end\":13},\"code\":\"SC1001\",\"message\":\"Syntax error, incorrect syntax near '*'.\"}]}\r\nActivityId: e961c234-2ef8-406f-a051-b774935ef811, Microsoft.Azure.Documents.Common/2.10.0"}
Status code: 400
{"code":"BadRequest","message":"Message: {\"errors\":[{\"severity\":\"Error\",\"location\":{\"start\":12,\"end\":13},\"code\":\"SC1001\",\"message\":\"Syntax error, incorrect syntax near '*'.\"}]}\r\nActivityId: d6c6763b-2b5f-4032-aee8-0bbdb4ca5be9, Microsoft.Azure.Documents.Common/2.10.0"}
Status code: 400
{"code":"BadRequest","message":"Message: {\"errors\":[{\"severity\":\"Error\",\"location\":{\"start\":12,\"end\":13},\"code\":\"SC1001\",\"message\":\"Syntax error, incorrect syntax near '*'.\"}]}\r\nActivityId: 65687b29-58f6-4fa0-b09b-e69d56ef5b47, Microsoft.Azure.Documents.Common/2.10.0"}
Status code: 400
{"code":"BadRequest","message":"Message: {\"errors\":[{\"severity\":\"Error\",\"location\":{\"start\":12,\"end\":13},\"code\":\"SC1001\",\"message\":\"Syntax error, incorrect syntax near '*'.\"}]}\r\nActivityId: 62045979-8f72-4845-b9f3-02a2106eba9d, Microsoft.Azure.Documents.Common/2.10.0"}
Status code: 400
{"code":"BadRequest","message":"Message: {\"errors\":[{\"severity\":\"Error\",\"location\":{\"start\":12,\"end\":13},\"code\":\"SC1001\",\"message\":\"Syntax error, incorrect syntax near '*'.\"}]}\r\nActivityId: 1e7e3450-9d47-48a8-8bd2-6fd7f820b760, Microsoft.Azure.Documents.Common/2.10.0"}
Status code: 400
{"code":"BadRequest","message":"Message: {\"errors\":[{\"severity\":\"Error\",\"location\":{\"start\":12,\"end\":13},\"code\":\"SC1001\",\"message\":\"Syntax error, incorrect syntax near '*'.\"}]}\r\nActivityId: e776e8ae-e4fa-4fcf-a129-00c81b093e58, Microsoft.Azure.Documents.Common/2.10.0"}
Status code: 400
{"code":"BadRequest","message":"Message: {\"errors\":[{\"severity\":\"Error\",\"location\":{\"start\":12,\"end\":13},\"code\":\"SC1001\",\"message\":\"Syntax error, incorrect syntax near '*'.\"}]}\r\nActivityId: 8be2d0c0-6d70-4347-b758-4b27f5094dba, Microsoft.Azure.Documents.Common/2.10.0"}
Status code: 400
{"code":"BadRequest","message":"Message: {\"errors\":[{\"severity\":\"Error\",\"location\":{\"start\":12,\"end\":13},\"code\":\"SC1001\",\"message\":\"Syntax error, incorrect syntax near '*'.\"}]}\r\nActivityId: 0a89a3d6-1544-4a85-bd4f-eaa7de4234ca, Microsoft.Azure.Documents.Common/2.10.0"}
Status code: 400
{"code":"BadRequest","message":"Message: {\"errors\":[{\"severity\":\"Error\",\"location\":{\"start\":12,\"end\":13},\"code\":\"SC1001\",\"message\":\"Syntax error, incorrect syntax near '*'.\"}]}\r\nActivityId: 9dfb7521-000c-4928-9444-a648a3bd6896, Microsoft.Azure.Documents.Common/2.10.0"}
Status code: 400
{"code":"BadRequest","message":"Message: {\"errors\":[{\"severity\":\"Error\",\"location\":{\"start\":12,\"end\":13},\"code\":\"SC1001\",\"message\":\"Syntax error, incorrect syntax near '*'.\"}]}\r\nActivityId: c9eb0c3d-b651-47a6-b63a-c1881374c199, Microsoft.Azure.Documents.Common/2.10.0"}
Status code: 400
{"code":"BadRequest","message":"Message: {\"errors\":[{\"severity\":\"Error\",\"location\":{\"start\":12,\"end\":13},\"code\":\"SC1001\",\"message\":\"Syntax error, incorrect syntax near '*'.\"}]}\r\nActivityId: 3e2996eb-5c75-421e-9587-6c384f1e6bda, Microsoft.Azure.Documents.Common/2.10.0"}
Status code: 400
{"code":"BadRequest","message":"Message: {\"errors\":[{\"severity\":\"Error\",\"location\":{\"start\":12,\"end\":13},\"code\":\"SC1001\",\"message\":\"Syntax error, incorrect syntax near '*'.\"}]}\r\nActivityId: 92ad5410-c964-4504-ae48-4a35f7463b79, Microsoft.Azure.Documents.Common/2.10.0"}
Status code: 400
{"code":"BadRequest","message":"Message: {\"errors\":[{\"severity\":\"Error\",\"location\":{\"start\":12,\"end\":13},\"code\":\"SC1001\",\"message\":\"Syntax error, incorrect syntax near '*'.\"}]}\r\nActivityId: d338699c-1403-4cfa-9def-8061b27232cd, Microsoft.Azure.Documents.Common/2.10.0"}
Status code: 400
{"code":"BadRequest","message":"Message: {\"errors\":[{\"severity\":\"Error\",\"location\":{\"start\":12,\"end\":13},\"code\":\"SC1001\",\"message\":\"Syntax error, incorrect syntax near '*'.\"}]}\r\nActivityId: ee9a482f-15d2-4d81-92c6-095378c0cffd, Microsoft.Azure.Documents.Common/2.10.0"}
Status code: 400
{"code":"BadRequest","message":"Message: {\"errors\":[{\"severity\":\"Error\",\"location\":{\"start\":12,\"end\":13},\"code\":\"SC1001\",\"message\":\"Syntax error, incorrect syntax near '*'.\"}]}\r\nActivityId: 44d03132-ee0e-4098-8721-9f6dcfd6d465, Microsoft.Azure.Documents.Common/2.10.0"}
Status code: 400
{"code":"BadRequest","message":"Message: {\"errors\":[{\"severity\":\"Error\",\"location\":{\"start\":12,\"end\":13},\"code\":\"SC1001\",\"message\":\"Syntax error, incorrect syntax near '*'.\"}]}\r\nActivityId: e10e63df-f91d-459b-b12f-6cb7d955a80b, Microsoft.Azure.Documents.Common/2.10.0"}
Status code: 400
{"code":"BadRequest","message":"Message: {\"errors\":[{\"severity\":\"Error\",\"location\":{\"start\":12,\"end\":13},\"code\":\"SC1001\",\"message\":\"Syntax error, incorrect syntax near '*'.\"}]}\r\nActivityId: 69f0cc49-82e5-4bb0-bd09-a22b0f7a8c38, Microsoft.Azure.Documents.Common/2.10.0"}
Status code: 400
{"code":"BadRequest","message":"Message: {\"errors\":[{\"severity\":\"Error\",\"location\":{\"start\":12,\"end\":13},\"code\":\"SC1001\",\"message\":\"Syntax error, incorrect syntax near '*'.\"}]}\r\nActivityId: d23bb349-0690-4ad0-baa3-8b2e155cda0f, Microsoft.Azure.Documents.Common/2.10.0"}
Status code: 400
{"code":"BadRequest","message":"Message: {\"errors\":[{\"severity\":\"Error\",\"location\":{\"start\":12,\"end\":13},\"code\":\"SC1001\",\"message\":\"Syntax error, incorrect syntax near '*'.\"}]}\r\nActivityId: e4699cc8-749f-46a9-8a5f-0040ad647675, Microsoft.Azure.Documents.Common/2.10.0"}
Status code: 400
{"code":"BadRequest","message":"Message: {\"errors\":[{\"severity\":\"Error\",\"location\":{\"start\":12,\"end\":13},\"code\":\"SC1001\",\"message\":\"Syntax error, incorrect syntax near '*'.\"}]}\r\nActivityId: a75a61f5-ab81-429e-89d6-ae9c1c5f2ace, Microsoft.Azure.Documents.Common/2.10.0"}
Status code: 400
{"code":"BadRequest","message":"Message: {\"errors\":[{\"severity\":\"Error\",\"location\":{\"start\":12,\"end\":13},\"code\":\"SC1001\",\"message\":\"Syntax error, incorrect syntax near '*'.\"}]}\r\nActivityId: bd091617-befa-4be6-bede-383406359db5, Microsoft.Azure.Documents.Common/2.10.0"}
Status code: 400
{"code":"BadRequest","message":"Message: {\"errors\":[{\"severity\":\"Error\",\"location\":{\"start\":12,\"end\":13},\"code\":\"SC1001\",\"message\":\"Syntax error, incorrect syntax near '*'.\"}]}\r\nActivityId: f3130d55-ed5d-4b72-9f15-a887e0c4d9ae, Microsoft.Azure.Documents.Common/2.10.0"}
Status code: 400
{"code":"BadRequest","message":"Message: {\"errors\":[{\"severity\":\"Error\",\"location\":{\"start\":12,\"end\":13},\"code\":\"SC1001\",\"message\":\"Syntax error, incorrect syntax near '*'.\"}]}\r\nActivityId: 7838436e-98b9-4612-899d-830744922aee, Microsoft.Azure.Documents.Common/2.10.0"}
Status code: 400
{"code":"BadRequest","message":"Message: {\"errors\":[{\"severity\":\"Error\",\"location\":{\"start\":12,\"end\":13},\"code\":\"SC1001\",\"message\":\"Syntax error, incorrect syntax near '*'.\"}]}\r\nActivityId: ff8186fd-1f33-4a75-b9e8-f3242cc01da7, Microsoft.Azure.Documents.Common/2.10.0"}
Status code: 400
{"code":"BadRequest","message":"Message: {\"errors\":[{\"severity\":\"Error\",\"location\":{\"start\":12,\"end\":13},\"code\":\"SC1001\",\"message\":\"Syntax error, incorrect syntax near '*'.\"}]}\r\nActivityId: 444be9af-1a4b-49be-85ae-c706b5f99c9f, Microsoft.Azure.Documents.Common/2.10.0"}
Status code: 400
{"code":"BadRequest","message":"Message: {\"errors\":[{\"severity\":\"Error\",\"location\":{\"start\":12,\"end\":13},\"code\":\"SC1001\",\"message\":\"Syntax error, incorrect syntax near '*'.\"}]}\r\nActivityId: 002e2f64-31ed-46fc-bfa7-8f32eb1f0eb3, Microsoft.Azure.Documents.Common/2.10.0"}
Status code: 400
{"code":"BadRequest","message":"Message: {\"errors\":[{\"severity\":\"Error\",\"location\":{\"start\":12,\"end\":13},\"code\":\"SC1001\",\"message\":\"Syntax error, incorrect syntax near '*'.\"}]}\r\nActivityId: 03d0e2c5-1253-4b32-b7c9-277be82e68c1, Microsoft.Azure.Documents.Common/2.10.0"}
Status code: 400
{"code":"BadRequest","message":"Message: {\"errors\":[{\"severity\":\"Error\",\"location\":{\"start\":12,\"end\":13},\"code\":\"SC1001\",\"message\":\"Syntax error, incorrect syntax near '*'.\"}]}\r\nActivityId: 09a307c9-2994-4e01-9c30-fdb9a403e5c5, Microsoft.Azure.Documents.Common/2.10.0"}
Status code: 400
{"code":"BadRequest","message":"Message: {\"errors\":[{\"severity\":\"Error\",\"location\":{\"start\":12,\"end\":13},\"code\":\"SC1001\",\"message\":\"Syntax error, incorrect syntax near '*'.\"}]}\r\nActivityId: 0188f9c0-0db1-4a01-9301-64cdeb7e1861, Microsoft.Azure.Documents.Common/2.10.0"}
Status code: 400
{"code":"BadRequest","message":"Message: {\"errors\":[{\"severity\":\"Error\",\"location\":{\"start\":12,\"end\":13},\"code\":\"SC1001\",\"message\":\"Syntax error, incorrect syntax near '*'.\"}]}\r\nActivityId: 589b1b8b-06f7-4105-868d-597e6baa979f, Microsoft.Azure.Documents.Common/2.10.0"}
Status code: 400
{"code":"BadRequest","message":"Message: {\"errors\":[{\"severity\":\"Error\",\"location\":{\"start\":12,\"end\":13},\"code\":\"SC1001\",\"message\":\"Syntax error, incorrect syntax near '*'.\"}]}\r\nActivityId: 8070c650-93f2-47fa-b798-72ba452662c8, Microsoft.Azure.Documents.Common/2.10.0"}
Status code: 400
{"code":"BadRequest","message":"Message: {\"errors\":[{\"severity\":\"Error\",\"location\":{\"start\":12,\"end\":13},\"code\":\"SC1001\",\"message\":\"Syntax error, incorrect syntax near '*'.\"}]}\r\nActivityId: d2a23da5-e0d1-49a3-b920-7f136badc82d, Microsoft.Azure.Documents.Common/2.10.0"}
Status code: 400
{"code":"BadRequest","message":"Message: {\"errors\":[{\"severity\":\"Error\",\"location\":{\"start\":12,\"end\":13},\"code\":\"SC1001\",\"message\":\"Syntax error, incorrect syntax near '*'.\"}]}\r\nActivityId: 3332838b-fa23-42d0-a942-de0ecd1c9023, Microsoft.Azure.Documents.Common/2.10.0"}
min() arg is an empty sequence
Status code: 400
{"code":"BadRequest","message":"Message: {\"errors\":[{\"severity\":\"Error\",\"location\":{\"start\":12,\"end\":13},\"code\":\"SC1001\",\"message\":\"Syntax error, incorrect syntax near '*'.\"}]}\r\nActivityId: f392c790-6715-4a1a-a85b-1ad985f6ded8, Microsoft.Azure.Documents.Common/2.10.0"}
min() arg is an empty sequence
Status code: 400
{"code":"BadRequest","message":"Message: {\"errors\":[{\"severity\":\"Error\",\"location\":{\"start\":12,\"end\":13},\"code\":\"SC1001\",\"message\":\"Syntax error, incorrect syntax near '*'.\"}]}\r\nActivityId: 1be56d70-fe76-426b-8390-1dc6caed59a0, Microsoft.Azure.Documents.Common/2.10.0"}
min() arg is an empty sequence
Status code: 400
{"code":"BadRequest","message":"Message: {\"errors\":[{\"severity\":\"Error\",\"location\":{\"start\":12,\"end\":13},\"code\":\"SC1001\",\"message\":\"Syntax error, incorrect syntax near '*'.\"}]}\r\nActivityId: 82ef579a-2601-45c5-b12c-8d02b954a9c2, Microsoft.Azure.Documents.Common/2.10.0"}
Status code: 400
{"code":"BadRequest","message":"Message: {\"errors\":[{\"severity\":\"Error\",\"location\":{\"start\":12,\"end\":13},\"code\":\"SC1001\",\"message\":\"Syntax error, incorrect syntax near '*'.\"}]}\r\nActivityId: 7747f426-223d-4254-8dad-a8b9709a77df, Microsoft.Azure.Documents.Common/2.10.0"}
Status code: 400
{"code":"BadRequest","message":"Message: {\"errors\":[{\"severity\":\"Error\",\"location\":{\"start\":12,\"end\":13},\"code\":\"SC1001\",\"message\":\"Syntax error, incorrect syntax near '*'.\"}]}\r\nActivityId: 420deae8-c05f-4a72-be79-99fbb06c39c5, Microsoft.Azure.Documents.Common/2.10.0"}
min() arg is an empty sequence
min() arg is an empty sequence
min() arg is an empty sequence
min() arg is an empty sequence
min() arg is an empty sequence
min() arg is an empty sequence
min() arg is an empty sequence
min() arg is an empty sequence
min() arg is an empty sequence
min() arg is an empty sequence
min() arg is an empty sequence
min() arg is an empty sequence
min() arg is an empty sequence
min() arg is an empty sequence
min() arg is an empty sequence
min() arg is an empty sequence
min() arg is an empty sequence
min() arg is an empty sequence
min() arg is an empty sequence
min() arg is an empty sequence
min() arg is an empty sequence
min() arg is an empty sequence
min() arg is an empty sequence
min() arg is an empty sequence
Status code: 400
{"code":"BadRequest","message":"Message: {\"errors\":[{\"severity\":\"Error\",\"location\":{\"start\":12,\"end\":13},\"code\":\"SC1001\",\"message\":\"Syntax error, incorrect syntax near '*'.\"}]}\r\nActivityId: 5df6d94f-c445-4c73-9681-357b8492ff66, Microsoft.Azure.Documents.Common/2.10.0"}
Status code: 400
{"code":"BadRequest","message":"Message: {\"errors\":[{\"severity\":\"Error\",\"location\":{\"start\":12,\"end\":13},\"code\":\"SC1001\",\"message\":\"Syntax error, incorrect syntax near '*'.\"}]}\r\nActivityId: d00a114a-80af-4cd5-9924-7acbda567531, Microsoft.Azure.Documents.Common/2.10.0"}
Status code: 400
{"code":"BadRequest","message":"Message: {\"errors\":[{\"severity\":\"Error\",\"location\":{\"start\":12,\"end\":13},\"code\":\"SC1001\",\"message\":\"Syntax error, incorrect syntax near '*'.\"}]}\r\nActivityId: d27d1aab-132a-4625-a815-2951e8dcec96, Microsoft.Azure.Documents.Common/2.10.0"}
Status code: 400
{"code":"BadRequest","message":"Message: {\"errors\":[{\"severity\":\"Error\",\"location\":{\"start\":12,\"end\":13},\"code\":\"SC1001\",\"message\":\"Syntax error, incorrect syntax near '*'.\"}]}\r\nActivityId: a2d6c886-703b-4af8-bfd6-d5f96b7d4528, Microsoft.Azure.Documents.Common/2.10.0"}
min() arg is an empty sequence
min() arg is an empty sequence
min() arg is an empty sequence
min() arg is an empty sequence
min() arg is an empty sequence
min() arg is an empty sequence
min() arg is an empty sequence
min() arg is an empty sequence
min() arg is an empty sequence
min() arg is an empty sequence
min() arg is an empty sequence
min() arg is an empty sequence
min() arg is an empty sequence
min() arg is an empty sequence
min() arg is an empty sequence
min() arg is an empty sequence
min() arg is an empty sequence
min() arg is an empty sequence
min() arg is an empty sequence
min() arg is an empty sequence
min() arg is an empty sequence
min() arg is an empty sequence
min() arg is an empty sequence
min() arg is an empty sequence
min() arg is an empty sequence
local variable 'meterData' referenced before assignment
Status code: 400
{"code":"BadRequest","message":"Message: {\"errors\":[{\"severity\":\"Error\",\"location\":{\"start\":12,\"end\":13},\"code\":\"SC1001\",\"message\":\"Syntax error, incorrect syntax near '*'.\"}]}\r\nActivityId: 12f50d4d-c718-4aac-9a9b-25c477c19516, Microsoft.Azure.Documents.Common/2.10.0"}
local variable 'meterData' referenced before assignment
local variable 'ts_UTC' referenced before assignment
local variable 'meterData' referenced before assignment
local variable 'ts_UTC' referenced before assignment
local variable 'meterData' referenced before assignment
local variable 'ts_UTC' referenced before assignment
local variable 'ts_UTC' referenced before assignment
min() arg is an empty sequence
min() arg is an empty sequence
min() arg is an empty sequence
min() arg is an empty sequence
min() arg is an empty sequence
min() arg is an empty sequence
min() arg is an empty sequence
min() arg is an empty sequence
min() arg is an empty sequence
min() arg is an empty sequence
min() arg is an empty sequence
min() arg is an empty sequence
min() arg is an empty sequence
min() arg is an empty sequence
min() arg is an empty sequence
min() arg is an empty sequence
min() arg is an empty sequence
min() arg is an empty sequence
min() arg is an empty sequence
min() arg is an empty sequence
min() arg is an empty sequence
min() arg is an empty sequence
min() arg is an empty sequence
min() arg is an empty sequence
min() arg is an empty sequence
min() arg is an empty sequence
min() arg is an empty sequence
min() arg is an empty sequence
min() arg is an empty sequence
min() arg is an empty sequence
Status code: 400
{"code":"BadRequest","message":"Message: {\"errors\":[{\"severity\":\"Error\",\"location\":{\"start\":11,\"end\":12},\"code\":\"SC1001\",\"message\":\"Syntax error, incorrect syntax near '*'.\"}]}\r\nActivityId: 39180671-62b4-447e-971a-1c9e21575888, Microsoft.Azure.Documents.Common/2.10.0"}
Status code: 400
{"code":"BadRequest","message":"Message: {\"errors\":[{\"severity\":\"Error\",\"location\":{\"start\":11,\"end\":12},\"code\":\"SC1001\",\"message\":\"Syntax error, incorrect syntax near '*'.\"}]}\r\nActivityId: d7caf7d3-4cf6-4882-8eb5-72aac723e788, Microsoft.Azure.Documents.Common/2.10.0"}
Status code: 400
{"code":"BadRequest","message":"Message: {\"errors\":[{\"severity\":\"Error\",\"location\":{\"start\":11,\"end\":12},\"code\":\"SC1001\",\"message\":\"Syntax error, incorrect syntax near '*'.\"}]}\r\nActivityId: ada9bc97-786c-487c-b8c5-b464da7e6dba, Microsoft.Azure.Documents.Common/2.10.0"}
Status code: 400
{"code":"BadRequest","message":"Message: {\"errors\":[{\"severity\":\"Error\",\"location\":{\"start\":11,\"end\":12},\"code\":\"SC1001\",\"message\":\"Syntax error, incorrect syntax near '*'.\"}]}\r\nActivityId: 1ff00d92-e7e4-4fa9-bf25-f717f76bb4e6, Microsoft.Azure.Documents.Common/2.10.0"}
Status code: 400
{"code":"BadRequest","message":"Message: {\"errors\":[{\"severity\":\"Error\",\"location\":{\"start\":172,\"end\":174},\"code\":\"SC1001\",\"message\":\"Syntax error, incorrect syntax near '08'.\"}]}\r\nActivityId: 731d32d2-7376-434f-a4cb-526511d36624, Microsoft.Azure.Documents.Common/2.10.0"}
Status code: 400
{"code":"BadRequest","message":"Message: {\"errors\":[{\"severity\":\"Error\",\"location\":{\"start\":172,\"end\":174},\"code\":\"SC1001\",\"message\":\"Syntax error, incorrect syntax near '08'.\"}]}\r\nActivityId: 2cd13fab-00fd-49d5-b48a-c5789fe582b8, Microsoft.Azure.Documents.Common/2.10.0"}
Status code: 400
{"code":"BadRequest","message":"Message: {\"errors\":[{\"severity\":\"Error\",\"location\":{\"start\":172,\"end\":174},\"code\":\"SC1001\",\"message\":\"Syntax error, incorrect syntax near '08'.\"}]}\r\nActivityId: 7475b83c-c481-4d96-b9fd-fabb5d785181, Microsoft.Azure.Documents.Common/2.10.0"}
Status code: 400
{"code":"BadRequest","message":"Message: {\"errors\":[{\"severity\":\"Error\",\"location\":{\"start\":172,\"end\":174},\"code\":\"SC1001\",\"message\":\"Syntax error, incorrect syntax near '08'.\"}]}\r\nActivityId: 21c8f631-7247-4a5f-ac4f-a982532f6978, Microsoft.Azure.Documents.Common/2.10.0"}
Status code: 400
{"code":"BadRequest","message":"Message: {\"errors\":[{\"severity\":\"Error\",\"location\":{\"start\":172,\"end\":174},\"code\":\"SC1001\",\"message\":\"Syntax error, incorrect syntax near '08'.\"}]}\r\nActivityId: e3863ab7-80c4-4567-af47-50811a8ad3c3, Microsoft.Azure.Documents.Common/2.10.0"}
Status code: 400
{"code":"BadRequest","message":"Message: {\"errors\":[{\"severity\":\"Error\",\"location\":{\"start\":172,\"end\":174},\"code\":\"SC1001\",\"message\":\"Syntax error, incorrect syntax near '08'.\"}]}\r\nActivityId: defaba1e-9df3-4d6f-a564-9a5a75152f43, Microsoft.Azure.Documents.Common/2.10.0"}
Status code: 400
{"code":"BadRequest","message":"Message: {\"errors\":[{\"severity\":\"Error\",\"location\":{\"start\":172,\"end\":174},\"code\":\"SC1001\",\"message\":\"Syntax error, incorrect syntax near '08'.\"}]}\r\nActivityId: eb64b66c-c390-490b-93fb-27ec28741c52, Microsoft.Azure.Documents.Common/2.10.0"}
Status code: 400
{"code":"BadRequest","message":"Message: {\"errors\":[{\"severity\":\"Error\",\"location\":{\"start\":172,\"end\":174},\"code\":\"SC1001\",\"message\":\"Syntax error, incorrect syntax near '08'.\"}]}\r\nActivityId: 5a9db7e7-99a7-4451-b70a-dc35a7f6fee6, Microsoft.Azure.Documents.Common/2.10.0"}
Status code: 400
{"code":"BadRequest","message":"Message: {\"errors\":[{\"severity\":\"Error\",\"location\":{\"start\":172,\"end\":174},\"code\":\"SC1001\",\"message\":\"Syntax error, incorrect syntax near '08'.\"}]}\r\nActivityId: ed9c3207-ebd2-49a3-83c2-afd0f2e44033, Microsoft.Azure.Documents.Common/2.10.0"}
Status code: 400
{"code":"BadRequest","message":"Message: {\"errors\":[{\"severity\":\"Error\",\"location\":{\"start\":172,\"end\":174},\"code\":\"SC1001\",\"message\":\"Syntax error, incorrect syntax near '08'.\"}]}\r\nActivityId: 9a17afb3-9a0a-429d-9efa-b329cfa6aec0, Microsoft.Azure.Documents.Common/2.10.0"}
Status code: 400
{"code":"BadRequest","message":"Message: {\"errors\":[{\"severity\":\"Error\",\"location\":{\"start\":171,\"end\":173},\"code\":\"SC1001\",\"message\":\"Syntax error, incorrect syntax near '08'.\"}]}\r\nActivityId: ad442552-7261-44b6-a08e-51cb32f99908, Microsoft.Azure.Documents.Common/2.10.0"}
Status code: 400
{"code":"BadRequest","message":"Message: {\"errors\":[{\"severity\":\"Error\",\"location\":{\"start\":171,\"end\":173},\"code\":\"SC1001\",\"message\":\"Syntax error, incorrect syntax near '08'.\"}]}\r\nActivityId: b6230b78-12fd-4dda-a454-8ec426943d4a, Microsoft.Azure.Documents.Common/2.10.0"}
Status code: 400
{"code":"BadRequest","message":"Message: {\"errors\":[{\"severity\":\"Error\",\"location\":{\"start\":171,\"end\":173},\"code\":\"SC1001\",\"message\":\"Syntax error, incorrect syntax near '08'.\"}]}\r\nActivityId: b4b9d469-ada1-4449-aa1c-9a164e862563, Microsoft.Azure.Documents.Common/2.10.0"}
Status code: 400
{"code":"BadRequest","message":"Message: {\"errors\":[{\"severity\":\"Error\",\"location\":{\"start\":170,\"end\":172},\"code\":\"SC1001\",\"message\":\"Syntax error, incorrect syntax near '08'.\"}]}\r\nActivityId: 43ae9bce-deb3-4227-aa46-5bbbe6ccbf28, Microsoft.Azure.Documents.Common/2.10.0"}
Status code: 400
{"code":"BadRequest","message":"Message: {\"errors\":[{\"severity\":\"Error\",\"location\":{\"start\":170,\"end\":172},\"code\":\"SC1001\",\"message\":\"Syntax error, incorrect syntax near '08'.\"}]}\r\nActivityId: 6afb949b-dfa6-439b-9794-ba96196a678b, Microsoft.Azure.Documents.Common/2.10.0"}
Status code: 400
{"code":"BadRequest","message":"Message: {\"errors\":[{\"severity\":\"Error\",\"location\":{\"start\":170,\"end\":172},\"code\":\"SC1001\",\"message\":\"Syntax error, incorrect syntax near '08'.\"}]}\r\nActivityId: 50d9da3d-c775-45ab-97be-ba2d0357f197, Microsoft.Azure.Documents.Common/2.10.0"}
Status code: 400
{"code":"BadRequest","message":"Message: {\"errors\":[{\"severity\":\"Error\",\"location\":{\"start\":170,\"end\":172},\"code\":\"SC1001\",\"message\":\"Syntax error, incorrect syntax near '08'.\"}]}\r\nActivityId: f6caca98-ef5b-4f18-b6d2-1ef1c5a2033c, Microsoft.Azure.Documents.Common/2.10.0"}
Status code: 400
{"code":"BadRequest","message":"Message: {\"errors\":[{\"severity\":\"Error\",\"location\":{\"start\":170,\"end\":172},\"code\":\"SC1001\",\"message\":\"Syntax error, incorrect syntax near '08'.\"}]}\r\nActivityId: f12196eb-93bb-4e4a-98bf-3a47293a4423, Microsoft.Azure.Documents.Common/2.10.0"}
Status code: 400
{"code":"BadRequest","message":"Message: {\"errors\":[{\"severity\":\"Error\",\"location\":{\"start\":170,\"end\":172},\"code\":\"SC1001\",\"message\":\"Syntax error, incorrect syntax near '08'.\"}]}\r\nActivityId: 7e1ef60c-d3c0-4308-84e1-f4f0489620ca, Microsoft.Azure.Documents.Common/2.10.0"}
Status code: 400
{"code":"BadRequest","message":"Message: {\"errors\":[{\"severity\":\"Error\",\"location\":{\"start\":170,\"end\":172},\"code\":\"SC1001\",\"message\":\"Syntax error, incorrect syntax near '08'.\"}]}\r\nActivityId: 5668b2fe-d8d6-4688-ba37-0d08305a0a73, Microsoft.Azure.Documents.Common/2.10.0"}
Status code: 400
{"code":"BadRequest","message":"Message: {\"errors\":[{\"severity\":\"Error\",\"location\":{\"start\":170,\"end\":172},\"code\":\"SC1001\",\"message\":\"Syntax error, incorrect syntax near '08'.\"}]}\r\nActivityId: e15f6f18-08a8-4989-89ee-00002c4fd4a9, Microsoft.Azure.Documents.Common/2.10.0"}
Status code: 400
{"code":"BadRequest","message":"Message: {\"errors\":[{\"severity\":\"Error\",\"location\":{\"start\":170,\"end\":172},\"code\":\"SC1001\",\"message\":\"Syntax error, incorrect syntax near '08'.\"}]}\r\nActivityId: c0a1b2e3-255f-4502-8299-f8cc9913b40c, Microsoft.Azure.Documents.Common/2.10.0"}
Status code: 400
{"code":"BadRequest","message":"Message: {\"errors\":[{\"severity\":\"Error\",\"location\":{\"start\":170,\"end\":172},\"code\":\"SC1001\",\"message\":\"Syntax error, incorrect syntax near '08'.\"}]}\r\nActivityId: 6460ce0c-5f92-4300-814f-2ef1a17993ee, Microsoft.Azure.Documents.Common/2.10.0"}
Status code: 400
{"code":"BadRequest","message":"Message: {\"errors\":[{\"severity\":\"Error\",\"location\":{\"start\":170,\"end\":172},\"code\":\"SC1001\",\"message\":\"Syntax error, incorrect syntax near '08'.\"}]}\r\nActivityId: 207d67aa-64bc-467a-baac-7e7ca1bf1f1c, Microsoft.Azure.Documents.Common/2.10.0"}
Status code: 400
{"code":"BadRequest","message":"Message: {\"errors\":[{\"severity\":\"Error\",\"location\":{\"start\":170,\"end\":172},\"code\":\"SC1001\",\"message\":\"Syntax error, incorrect syntax near '08'.\"}]}\r\nActivityId: 5aec3963-4675-4050-884b-ff8fc11c6c79, Microsoft.Azure.Documents.Common/2.10.0"}
Status code: 400
{"code":"BadRequest","message":"Message: {\"errors\":[{\"severity\":\"Error\",\"location\":{\"start\":170,\"end\":172},\"code\":\"SC1001\",\"message\":\"Syntax error, incorrect syntax near '08'.\"}]}\r\nActivityId: 89bc6644-04a2-4fd4-84be-45e5751ba0bb, Microsoft.Azure.Documents.Common/2.10.0"}
Status code: 400
{"code":"BadRequest","message":"Message: {\"errors\":[{\"severity\":\"Error\",\"location\":{\"start\":170,\"end\":172},\"code\":\"SC1001\",\"message\":\"Syntax error, incorrect syntax near '08'.\"}]}\r\nActivityId: 82270b34-7e54-4a89-a976-5e86a0f8dd9f, Microsoft.Azure.Documents.Common/2.10.0"}
Status code: 400
{"code":"BadRequest","message":"Message: {\"errors\":[{\"severity\":\"Error\",\"location\":{\"start\":170,\"end\":172},\"code\":\"SC1001\",\"message\":\"Syntax error, incorrect syntax near '08'.\"}]}\r\nActivityId: 1223579c-8b20-428c-8410-c1e9dcfb1809, Microsoft.Azure.Documents.Common/2.10.0"}
Status code: 400
{"code":"BadRequest","message":"Message: {\"errors\":[{\"severity\":\"Error\",\"location\":{\"start\":170,\"end\":172},\"code\":\"SC1001\",\"message\":\"Syntax error, incorrect syntax near '08'.\"}]}\r\nActivityId: 21a9d2b9-7e41-4711-a293-a550881d4235, Microsoft.Azure.Documents.Common/2.10.0"}
Status code: 400
{"code":"BadRequest","message":"Message: {\"errors\":[{\"severity\":\"Error\",\"location\":{\"start\":170,\"end\":172},\"code\":\"SC1001\",\"message\":\"Syntax error, incorrect syntax near '08'.\"}]}\r\nActivityId: 7fb80d26-fc8c-4904-8c27-7341ce7c56e2, Microsoft.Azure.Documents.Common/2.10.0"}
Status code: 400
{"code":"BadRequest","message":"Message: {\"errors\":[{\"severity\":\"Error\",\"location\":{\"start\":170,\"end\":172},\"code\":\"SC1001\",\"message\":\"Syntax error, incorrect syntax near '08'.\"}]}\r\nActivityId: 3e97ff46-00ee-4496-9c39-fce11528a347, Microsoft.Azure.Documents.Common/2.10.0"}
Status code: 400
{"code":"BadRequest","message":"Message: {\"errors\":[{\"severity\":\"Error\",\"location\":{\"start\":170,\"end\":172},\"code\":\"SC1001\",\"message\":\"Syntax error, incorrect syntax near '08'.\"}]}\r\nActivityId: de59459d-185a-4969-b899-f7fabc1a4357, Microsoft.Azure.Documents.Common/2.10.0"}
Status code: 400
{"code":"BadRequest","message":"Message: {\"errors\":[{\"severity\":\"Error\",\"location\":{\"start\":170,\"end\":172},\"code\":\"SC1001\",\"message\":\"Syntax error, incorrect syntax near '08'.\"}]}\r\nActivityId: 2a676f6b-c53c-4989-8646-918d61c207c6, Microsoft.Azure.Documents.Common/2.10.0"}
Status code: 400
{"code":"BadRequest","message":"Message: {\"errors\":[{\"severity\":\"Error\",\"location\":{\"start\":164,\"end\":166},\"code\":\"SC1001\",\"message\":\"Syntax error, incorrect syntax near '08'.\"}]}\r\nActivityId: 2cf88b4a-b51c-49d9-85e2-83e1cbbc707a, Microsoft.Azure.Documents.Common/2.10.0"}
Status code: 400
{"code":"BadRequest","message":"Message: {\"errors\":[{\"severity\":\"Error\",\"location\":{\"start\":164,\"end\":166},\"code\":\"SC1001\",\"message\":\"Syntax error, incorrect syntax near '08'.\"}]}\r\nActivityId: 12b9ddb6-a3d1-4019-8406-91ab3aa55ee0, Microsoft.Azure.Documents.Common/2.10.0"}
Status code: 400
{"code":"BadRequest","message":"Message: {\"errors\":[{\"severity\":\"Error\",\"location\":{\"start\":164,\"end\":166},\"code\":\"SC1001\",\"message\":\"Syntax error, incorrect syntax near '08'.\"}]}\r\nActivityId: 267f8b7c-72bd-4a8d-b0aa-5e7e004bb1e3, Microsoft.Azure.Documents.Common/2.10.0"}
Status code: 400
{"code":"BadRequest","message":"Message: {\"errors\":[{\"severity\":\"Error\",\"location\":{\"start\":164,\"end\":166},\"code\":\"SC1001\",\"message\":\"Syntax error, incorrect syntax near '08'.\"}]}\r\nActivityId: 04108972-1efb-47b4-ab66-05fc0e2a3d2b, Microsoft.Azure.Documents.Common/2.10.0"}
name 'antall_målinger' is not defined
name 'antall_målinger' is not defined
name 'antall_målinger' is not defined
name 'antall_målinger' is not defined
name 'antall_målinger' is not defined
name 'antall_målinger' is not defined
name 'antall_målinger' is not defined
Status code: 400
{"code":"BadRequest","message":"Message: {\"errors\":[{\"severity\":\"Error\",\"location\":{\"start\":164,\"end\":166},\"code\":\"SC1001\",\"message\":\"Syntax error, incorrect syntax near '08'.\"}]}\r\nActivityId: 87a50ff8-fbae-4a01-8e74-2b7a3b071d89, Microsoft.Azure.Documents.Common/2.10.0"}
Status code: 400
{"code":"BadRequest","message":"Message: {\"errors\":[{\"severity\":\"Error\",\"location\":{\"start\":164,\"end\":166},\"code\":\"SC1001\",\"message\":\"Syntax error, incorrect syntax near '08'.\"}]}\r\nActivityId: 302e9f6a-4a37-4cb4-a03f-5b7d30c44fac, Microsoft.Azure.Documents.Common/2.10.0"}
Status code: 400
{"code":"BadRequest","message":"Message: {\"errors\":[{\"severity\":\"Error\",\"location\":{\"start\":164,\"end\":166},\"code\":\"SC1001\",\"message\":\"Syntax error, incorrect syntax near '08'.\"}]}\r\nActivityId: 4ab972e7-6f6e-4e70-a199-a089706d8af9, Microsoft.Azure.Documents.Common/2.10.0"}
Status code: 400
{"code":"BadRequest","message":"Message: {\"errors\":[{\"severity\":\"Error\",\"location\":{\"start\":164,\"end\":166},\"code\":\"SC1001\",\"message\":\"Syntax error, incorrect syntax near '08'.\"}]}\r\nActivityId: af2b4651-2892-4aeb-bcf7-b7fd760ccfe4, Microsoft.Azure.Documents.Common/2.10.0"}
Status code: 400
{"code":"BadRequest","message":"Message: {\"errors\":[{\"severity\":\"Error\",\"location\":{\"start\":161,\"end\":163},\"code\":\"SC1001\",\"message\":\"Syntax error, incorrect syntax near '08'.\"}]}\r\nActivityId: 1337d160-2898-4062-a568-e3011e4da03d, Microsoft.Azure.Documents.Common/2.10.0"}
Status code: 400
{"code":"BadRequest","message":"Message: {\"errors\":[{\"severity\":\"Error\",\"location\":{\"start\":161,\"end\":163},\"code\":\"SC1001\",\"message\":\"Syntax error, incorrect syntax near '08'.\"}]}\r\nActivityId: 6202a2dd-fbf6-4a37-891d-838d978df3a5, Microsoft.Azure.Documents.Common/2.10.0"}
Status code: 400
{"code":"BadRequest","message":"Message: {\"errors\":[{\"severity\":\"Error\",\"location\":{\"start\":161,\"end\":163},\"code\":\"SC1001\",\"message\":\"Syntax error, incorrect syntax near '08'.\"}]}\r\nActivityId: 881c009e-4bc5-477c-a286-7ab825ddbda1, Microsoft.Azure.Documents.Common/2.10.0"}
Status code: 400
{"code":"BadRequest","message":"Message: {\"errors\":[{\"severity\":\"Error\",\"location\":{\"start\":161,\"end\":163},\"code\":\"SC1001\",\"message\":\"Syntax error, incorrect syntax near '08'.\"}]}\r\nActivityId: 0b12c133-6d64-4241-a7a2-0a87dd6de7f1, Microsoft.Azure.Documents.Common/2.10.0"}
Status code: 400
{"code":"BadRequest","message":"Message: {\"errors\":[{\"severity\":\"Error\",\"location\":{\"start\":161,\"end\":163},\"code\":\"SC1001\",\"message\":\"Syntax error, incorrect syntax near '08'.\"}]}\r\nActivityId: 0f1b74df-2393-4f1e-9e62-bed101b9069a, Microsoft.Azure.Documents.Common/2.10.0"}
Status code: 400
{"code":"BadRequest","message":"Message: {\"errors\":[{\"severity\":\"Error\",\"location\":{\"start\":164,\"end\":166},\"code\":\"SC1001\",\"message\":\"Syntax error, incorrect syntax near '08'.\"}]}\r\nActivityId: dd75d5eb-14e2-43c4-9365-d65170ae3309, Microsoft.Azure.Documents.Common/2.10.0"}
Status code: 400
{"code":"BadRequest","message":"Message: {\"errors\":[{\"severity\":\"Error\",\"location\":{\"start\":164,\"end\":166},\"code\":\"SC1001\",\"message\":\"Syntax error, incorrect syntax near '08'.\"}]}\r\nActivityId: 3a483d5d-107b-4437-9649-338b160869df, Microsoft.Azure.Documents.Common/2.10.0"}
Status code: 400
{"code":"BadRequest","message":"Message: {\"errors\":[{\"severity\":\"Error\",\"location\":{\"start\":164,\"end\":166},\"code\":\"SC1001\",\"message\":\"Syntax error, incorrect syntax near '08'.\"}]}\r\nActivityId: 940dbdbc-7eed-4f8f-9843-82c44ec24f4c, Microsoft.Azure.Documents.Common/2.10.0"}
Status code: 400
{"code":"BadRequest","message":"Message: {\"errors\":[{\"severity\":\"Error\",\"location\":{\"start\":164,\"end\":166},\"code\":\"SC1001\",\"message\":\"Syntax error, incorrect syntax near '08'.\"}]}\r\nActivityId: ba302cd9-b012-495a-9fa3-e02fd274987c, Microsoft.Azure.Documents.Common/2.10.0"}
Status code: 400
{"code":"BadRequest","message":"Message: {\"errors\":[{\"severity\":\"Error\",\"location\":{\"start\":164,\"end\":166},\"code\":\"SC1001\",\"message\":\"Syntax error, incorrect syntax near '08'.\"}]}\r\nActivityId: e694dbb2-c0f5-483a-a280-11977e556faf, Microsoft.Azure.Documents.Common/2.10.0"}
Status code: 400
{"code":"BadRequest","message":"Message: {\"errors\":[{\"severity\":\"Error\",\"location\":{\"start\":164,\"end\":166},\"code\":\"SC1001\",\"message\":\"Syntax error, incorrect syntax near '08'.\"}]}\r\nActivityId: 3e5b3394-8474-41f6-bfb9-38d4265ff605, Microsoft.Azure.Documents.Common/2.10.0"}
Status code: 400
{"code":"BadRequest","message":"Message: {\"errors\":[{\"severity\":\"Error\",\"location\":{\"start\":165,\"end\":167},\"code\":\"SC1001\",\"message\":\"Syntax error, incorrect syntax near '08'.\"}]}\r\nActivityId: 3bdef8b6-b934-4631-ba55-cbced79bf66b, Microsoft.Azure.Documents.Common/2.10.0"}
Status code: 400
{"code":"BadRequest","message":"Message: {\"errors\":[{\"severity\":\"Error\",\"location\":{\"start\":165,\"end\":167},\"code\":\"SC1001\",\"message\":\"Syntax error, incorrect syntax near '08'.\"}]}\r\nActivityId: 52023211-a3bc-4cac-9c1d-34dce14ceb97, Microsoft.Azure.Documents.Common/2.10.0"}
Status code: 400
{"code":"BadRequest","message":"Message: {\"errors\":[{\"severity\":\"Error\",\"location\":{\"start\":165,\"end\":167},\"code\":\"SC1001\",\"message\":\"Syntax error, incorrect syntax near '08'.\"}]}\r\nActivityId: f65eaed4-a0b2-4423-8665-0657965224ed, Microsoft.Azure.Documents.Common/2.10.0"}
Status code: 400
{"code":"BadRequest","message":"Message: {\"errors\":[{\"severity\":\"Error\",\"location\":{\"start\":165,\"end\":167},\"code\":\"SC1001\",\"message\":\"Syntax error, incorrect syntax near '08'.\"}]}\r\nActivityId: 86a332fe-4dbc-49fd-9fb1-ddf1e9be8c3b, Microsoft.Azure.Documents.Common/2.10.0"}
Status code: 400
{"code":"BadRequest","message":"Message: {\"errors\":[{\"severity\":\"Error\",\"location\":{\"start\":165,\"end\":167},\"code\":\"SC1001\",\"message\":\"Syntax error, incorrect syntax near '08'.\"}]}\r\nActivityId: 566e8b55-b41e-4ed5-b9c4-816e434cf257, Microsoft.Azure.Documents.Common/2.10.0"}
Status code: 400
{"code":"BadRequest","message":"Message: {\"errors\":[{\"severity\":\"Error\",\"location\":{\"start\":165,\"end\":167},\"code\":\"SC1001\",\"message\":\"Syntax error, incorrect syntax near '08'.\"}]}\r\nActivityId: 3aa70c03-6b64-4013-950e-25231799ec9b, Microsoft.Azure.Documents.Common/2.10.0"}
update_tempData() missing 1 required positional argument: 'til_dato'
update_tempData() missing 1 required positional argument: 'til_dato'
update_tempData() missing 1 required positional argument: 'til_dato'
update_tempData() missing 1 required positional argument: 'til_dato'
update_tempData() missing 1 required positional argument: 'til_dato'
update_tempData() missing 1 required positional argument: 'til_dato'
update_tempData() missing 1 required positional argument: 'til_dato'
update_tempData() missing 1 required positional argument: 'til_dato'
update_tempData() missing 1 required positional argument: 'til_dato'
update_tempData() missing 1 required positional argument: 'til_dato'
min() arg is an empty sequence
min() arg is an empty sequence
min() arg is an empty sequence
min() arg is an empty sequence
min() arg is an empty sequence
min() arg is an empty sequence
min() arg is an empty sequence
min() arg is an empty sequence
Status code: 400
{"code":"BadRequest","message":"Message: {\"errors\":[{\"severity\":\"Error\",\"location\":{\"start\":150,\"end\":151},\"code\":\"SC1001\",\"message\":\"Syntax error, incorrect syntax near '<'.\"}]}\r\nActivityId: 4ef718b7-a588-4605-9dda-16422f03e79f, Microsoft.Azure.Documents.Common/2.10.0"}
Status code: 400
{"code":"BadRequest","message":"Message: {\"errors\":[{\"severity\":\"Error\",\"location\":{\"start\":150,\"end\":151},\"code\":\"SC1001\",\"message\":\"Syntax error, incorrect syntax near '<'.\"}]}\r\nActivityId: 736ed95a-70b3-42de-a140-58859f60377b, Microsoft.Azure.Documents.Common/2.10.0"}
Status code: 400
{"code":"BadRequest","message":"Message: {\"errors\":[{\"severity\":\"Error\",\"location\":{\"start\":150,\"end\":151},\"code\":\"SC1001\",\"message\":\"Syntax error, incorrect syntax near '<'.\"}]}\r\nActivityId: 8960978c-ddf8-4105-93ce-0cd0238469b6, Microsoft.Azure.Documents.Common/2.10.0"}
min() arg is an empty sequence
min() arg is an empty sequence
min() arg is an empty sequence
min() arg is an empty sequence
min() arg is an empty sequence
min() arg is an empty sequence
min() arg is an empty sequence
min() arg is an empty sequence
min() arg is an empty sequence
min() arg is an empty sequence
min() arg is an empty sequence
min() arg is an empty sequence
min() arg is an empty sequence
min() arg is an empty sequence
min() arg is an empty sequence
min() arg is an empty sequence
min() arg is an empty sequence
min() arg is an empty sequence
min() arg is an empty sequence
min() arg is an empty sequence
min() arg is an empty sequence
min() arg is an empty sequence
min() arg is an empty sequence
min() arg is an empty sequence
min() arg is an empty sequence
min() arg is an empty sequence
min() arg is an empty sequence
min() arg is an empty sequence
min() arg is an empty sequence
min() arg is an empty sequence
min() arg is an empty sequence
min() arg is an empty sequence
min() arg is an empty sequence
min() arg is an empty sequence
min() arg is an empty sequence
min() arg is an empty sequence
min() arg is an empty sequence
min() arg is an empty sequence
min() arg is an empty sequence
min() arg is an empty sequence
min() arg is an empty sequence
min() arg is an empty sequence
min() arg is an empty sequence
min() arg is an empty sequence
min() arg is an empty sequence
min() arg is an empty sequence
min() arg is an empty sequence
min() arg is an empty sequence
min() arg is an empty sequence
min() arg is an empty sequence
min() arg is an empty sequence
min() arg is an empty sequence
min() arg is an empty sequence
min() arg is an empty sequence
min() arg is an empty sequence
min() arg is an empty sequence
min() arg is an empty sequence
min() arg is an empty sequence
min() arg is an empty sequence
min() arg is an empty sequence
min() arg is an empty sequence
min() arg is an empty sequence
min() arg is an empty sequence
min() arg is an empty sequence
min() arg is an empty sequence
min() arg is an empty sequence
min() arg is an empty sequence
min() arg is an empty sequence
min() arg is an empty sequence
min() arg is an empty sequence
min() arg is an empty sequence
min() arg is an empty sequence
min() arg is an empty sequence
min() arg is an empty sequence
min() arg is an empty sequence
min() arg is an empty sequence
min() arg is an empty sequence
min() arg is an empty sequence
min() arg is an empty sequence
min() arg is an empty sequence
min() arg is an empty sequence
min() arg is an empty sequence
min() arg is an empty sequence
min() arg is an empty sequence
min() arg is an empty sequence
min() arg is an empty sequence
min() arg is an empty sequence
min() arg is an empty sequence
min() arg is an empty sequence
min() arg is an empty sequence
min() arg is an empty sequence
min() arg is an empty sequence
min() arg is an empty sequence
min() arg is an empty sequence
min() arg is an empty sequence
min() arg is an empty sequence
min() arg is an empty sequence
min() arg is an empty sequence
min() arg is an empty sequence
min() arg is an empty sequence
min() arg is an empty sequence
min() arg is an empty sequence
min() arg is an empty sequence
min() arg is an empty sequence
min() arg is an empty sequence
min() arg is an empty sequence
min() arg is an empty sequence
min() arg is an empty sequence
min() arg is an empty sequence
min() arg is an empty sequence
min() arg is an empty sequence
min() arg is an empty sequence
min() arg is an empty sequence
min() arg is an empty sequence
min() arg is an empty sequence
min() arg is an empty sequence
min() arg is an empty sequence
min() arg is an empty sequence
min() arg is an empty sequence
min() arg is an empty sequence
min() arg is an empty sequence
min() arg is an empty sequence
min() arg is an empty sequence
min() arg is an empty sequence
min() arg is an empty sequence
min() arg is an empty sequence
min() arg is an empty sequence
min() arg is an empty sequence
min() arg is an empty sequence
min() arg is an empty sequence
min() arg is an empty sequence
min() arg is an empty sequence
min() arg is an empty sequence
min() arg is an empty sequence
min() arg is an empty sequence
min() arg is an empty sequence
min() arg is an empty sequence
min() arg is an empty sequence
min() arg is an empty sequence
min() arg is an empty sequence
min() arg is an empty sequence
min() arg is an empty sequence
min() arg is an empty sequence
min() arg is an empty sequence
min() arg is an empty sequence
min() arg is an empty sequence
min() arg is an empty sequence
min() arg is an empty sequence
min() arg is an empty sequence
min() arg is an empty sequence
min() arg is an empty sequence
min() arg is an empty sequence
min() arg is an empty sequence
min() arg is an empty sequence
min() arg is an empty sequence
min() arg is an empty sequence
min() arg is an empty sequence
min() arg is an empty sequence
min() arg is an empty sequence
min() arg is an empty sequence
min() arg is an empty sequence
min() arg is an empty sequence
min() arg is an empty sequence
min() arg is an empty sequence
min() arg is an empty sequence
min() arg is an empty sequence
min() arg is an empty sequence
min() arg is an empty sequence
min() arg is an empty sequence
min() arg is an empty sequence
min() arg is an empty sequence
min() arg is an empty sequence
min() arg is an empty sequence
min() arg is an empty sequence
min() arg is an empty sequence
min() arg is an empty sequence
min() arg is an empty sequence
min() arg is an empty sequence
min() arg is an empty sequence
min() arg is an empty sequence
min() arg is an empty sequence
min() arg is an empty sequence
min() arg is an empty sequence
min() arg is an empty sequence
min() arg is an empty sequence
min() arg is an empty sequence
min() arg is an empty sequence
min() arg is an empty sequence
min() arg is an empty sequence
min() arg is an empty sequence
min() arg is an empty sequence
min() arg is an empty sequence
min() arg is an empty sequence
min() arg is an empty sequence
min() arg is an empty sequence
min() arg is an empty sequence
min() arg is an empty sequence
min() arg is an empty sequence
min() arg is an empty sequence
min() arg is an empty sequence
min() arg is an empty sequence
min() arg is an empty sequence
min() arg is an empty sequence
min() arg is an empty sequence
min() arg is an empty sequence
min() arg is an empty sequence
min() arg is an empty sequence
min() arg is an empty sequence
min() arg is an empty sequence
min() arg is an empty sequence
min() arg is an empty sequence
min() arg is an empty sequence
min() arg is an empty sequence
min() arg is an empty sequence
min() arg is an empty sequence
min() arg is an empty sequence
min() arg is an empty sequence
min() arg is an empty sequence
min() arg is an empty sequence
min() arg is an empty sequence
min() arg is an empty sequence
min() arg is an empty sequence
min() arg is an empty sequence
min() arg is an empty sequence
min() arg is an empty sequence
min() arg is an empty sequence
min() arg is an empty sequence
min() arg is an empty sequence
min() arg is an empty sequence
min() arg is an empty sequence
min() arg is an empty sequence
min() arg is an empty sequence
min() arg is an empty sequence
min() arg is an empty sequence
min() arg is an empty sequence
min() arg is an empty sequence
min() arg is an empty sequence
min() arg is an empty sequence
min() arg is an empty sequence
min() arg is an empty sequence
min() arg is an empty sequence
min() arg is an empty sequence
min() arg is an empty sequence
min() arg is an empty sequence
min() arg is an empty sequence
min() arg is an empty sequence
min() arg is an empty sequence
min() arg is an empty sequence
min() arg is an empty sequence
min() arg is an empty sequence
min() arg is an empty sequence
min() arg is an empty sequence
min() arg is an empty sequence
min() arg is an empty sequence
min() arg is an empty sequence
min() arg is an empty sequence
min() arg is an empty sequence
min() arg is an empty sequence
min() arg is an empty sequence
min() arg is an empty sequence
min() arg is an empty sequence
min() arg is an empty sequence
min() arg is an empty sequence
min() arg is an empty sequence
min() arg is an empty sequence
min() arg is an empty sequence
min() arg is an empty sequence
min() arg is an empty sequence
min() arg is an empty sequence
min() arg is an empty sequence
min() arg is an empty sequence
min() arg is an empty sequence
min() arg is an empty sequence
min() arg is an empty sequence
min() arg is an empty sequence
min() arg is an empty sequence
min() arg is an empty sequence
min() arg is an empty sequence
min() arg is an empty sequence
min() arg is an empty sequence
min() arg is an empty sequence
min() arg is an empty sequence
min() arg is an empty sequence
min() arg is an empty sequence
min() arg is an empty sequence
min() arg is an empty sequence
min() arg is an empty sequence
min() arg is an empty sequence
min() arg is an empty sequence
min() arg is an empty sequence
min() arg is an empty sequence
min() arg is an empty sequence
min() arg is an empty sequence
min() arg is an empty sequence
min() arg is an empty sequence
min() arg is an empty sequence
min() arg is an empty sequence
min() arg is an empty sequence
min() arg is an empty sequence
min() arg is an empty sequence
min() arg is an empty sequence
min() arg is an empty sequence
min() arg is an empty sequence
min() arg is an empty sequence
min() arg is an empty sequence
min() arg is an empty sequence
min() arg is an empty sequence
min() arg is an empty sequence
min() arg is an empty sequence
min() arg is an empty sequence
min() arg is an empty sequence
min() arg is an empty sequence
min() arg is an empty sequence
min() arg is an empty sequence
min() arg is an empty sequence
min() arg is an empty sequence
min() arg is an empty sequence
min() arg is an empty sequence
min() arg is an empty sequence
min() arg is an empty sequence
min() arg is an empty sequence
min() arg is an empty sequence
min() arg is an empty sequence
min() arg is an empty sequence
min() arg is an empty sequence
min() arg is an empty sequence
min() arg is an empty sequence
min() arg is an empty sequence
min() arg is an empty sequence
min() arg is an empty sequence
min() arg is an empty sequence
min() arg is an empty sequence
min() arg is an empty sequence
min() arg is an empty sequence
min() arg is an empty sequence
min() arg is an empty sequence
min() arg is an empty sequence
min() arg is an empty sequence
min() arg is an empty sequence
min() arg is an empty sequence
min() arg is an empty sequence
min() arg is an empty sequence
min() arg is an empty sequence
min() arg is an empty sequence
min() arg is an empty sequence
min() arg is an empty sequence
min() arg is an empty sequence
min() arg is an empty sequence
min() arg is an empty sequence
min() arg is an empty sequence
min() arg is an empty sequence
min() arg is an empty sequence
min() arg is an empty sequence
min() arg is an empty sequence
min() arg is an empty sequence
min() arg is an empty sequence
min() arg is an empty sequence
min() arg is an empty sequence
min() arg is an empty sequence
min() arg is an empty sequence
min() arg is an empty sequence
min() arg is an empty sequence
min() arg is an empty sequence
min() arg is an empty sequence
min() arg is an empty sequence
min() arg is an empty sequence
min() arg is an empty sequence
min() arg is an empty sequence
min() arg is an empty sequence
min() arg is an empty sequence
min() arg is an empty sequence
min() arg is an empty sequence
min() arg is an empty sequence
min() arg is an empty sequence
min() arg is an empty sequence
min() arg is an empty sequence
min() arg is an empty sequence
min() arg is an empty sequence
min() arg is an empty sequence
min() arg is an empty sequence
min() arg is an empty sequence
min() arg is an empty sequence
min() arg is an empty sequence
min() arg is an empty sequence
min() arg is an empty sequence
min() arg is an empty sequence
min() arg is an empty sequence
min() arg is an empty sequence
min() arg is an empty sequence
min() arg is an empty sequence
min() arg is an empty sequence
min() arg is an empty sequence
min() arg is an empty sequence
min() arg is an empty sequence
min() arg is an empty sequence
min() arg is an empty sequence
min() arg is an empty sequence
min() arg is an empty sequence
min() arg is an empty sequence
min() arg is an empty sequence
min() arg is an empty sequence
min() arg is an empty sequence
min() arg is an empty sequence
min() arg is an empty sequence
min() arg is an empty sequence
min() arg is an empty sequence
min() arg is an empty sequence
min() arg is an empty sequence
min() arg is an empty sequence
min() arg is an empty sequence
min() arg is an empty sequence
min() arg is an empty sequence
min() arg is an empty sequence
min() arg is an empty sequence
min() arg is an empty sequence
min() arg is an empty sequence
min() arg is an empty sequence
min() arg is an empty sequence
min() arg is an empty sequence
min() arg is an empty sequence
min() arg is an empty sequence
min() arg is an empty sequence
min() arg is an empty sequence
min() arg is an empty sequence
min() arg is an empty sequence
min() arg is an empty sequence
min() arg is an empty sequence
min() arg is an empty sequence
min() arg is an empty sequence
min() arg is an empty sequence
min() arg is an empty sequence
min() arg is an empty sequence
min() arg is an empty sequence
min() arg is an empty sequence
min() arg is an empty sequence
min() arg is an empty sequence
min() arg is an empty sequence
min() arg is an empty sequence
min() arg is an empty sequence
min() arg is an empty sequence
min() arg is an empty sequence
min() arg is an empty sequence
min() arg is an empty sequence
min() arg is an empty sequence
min() arg is an empty sequence
min() arg is an empty sequence
min() arg is an empty sequence
min() arg is an empty sequence
min() arg is an empty sequence
min() arg is an empty sequence
min() arg is an empty sequence
min() arg is an empty sequence
min() arg is an empty sequence
min() arg is an empty sequence
min() arg is an empty sequence
min() arg is an empty sequence
min() arg is an empty sequence
min() arg is an empty sequence
min() arg is an empty sequence
min() arg is an empty sequence
min() arg is an empty sequence
min() arg is an empty sequence
min() arg is an empty sequence
min() arg is an empty sequence
min() arg is an empty sequence
min() arg is an empty sequence
min() arg is an empty sequence
min() arg is an empty sequence
min() arg is an empty sequence
min() arg is an empty sequence
min() arg is an empty sequence
min() arg is an empty sequence
min() arg is an empty sequence
min() arg is an empty sequence
min() arg is an empty sequence
min() arg is an empty sequence
min() arg is an empty sequence
min() arg is an empty sequence
min() arg is an empty sequence
min() arg is an empty sequence
min() arg is an empty sequence
min() arg is an empty sequence
min() arg is an empty sequence
min() arg is an empty sequence
min() arg is an empty sequence
min() arg is an empty sequence
min() arg is an empty sequence
min() arg is an empty sequence
min() arg is an empty sequence
min() arg is an empty sequence
min() arg is an empty sequence
min() arg is an empty sequence
min() arg is an empty sequence
min() arg is an empty sequence
min() arg is an empty sequence
min() arg is an empty sequence
min() arg is an empty sequence
min() arg is an empty sequence
min() arg is an empty sequence
min() arg is an empty sequence
min() arg is an empty sequence
min() arg is an empty sequence
min() arg is an empty sequence
min() arg is an empty sequence
min() arg is an empty sequence
min() arg is an empty sequence
min() arg is an empty sequence
min() arg is an empty sequence
min() arg is an empty sequence
min() arg is an empty sequence
min() arg is an empty sequence
min() arg is an empty sequence
min() arg is an empty sequence
min() arg is an empty sequence
min() arg is an empty sequence
min() arg is an empty sequence
min() arg is an empty sequence
min() arg is an empty sequence
min() arg is an empty sequence
min() arg is an empty sequence
min() arg is an empty sequence
min() arg is an empty sequence
min() arg is an empty sequence
min() arg is an empty sequence
min() arg is an empty sequence
min() arg is an empty sequence
min() arg is an empty sequence
min() arg is an empty sequence
min() arg is an empty sequence
min() arg is an empty sequence
min() arg is an empty sequence
min() arg is an empty sequence
min() arg is an empty sequence
min() arg is an empty sequence
min() arg is an empty sequence
min() arg is an empty sequence
min() arg is an empty sequence
min() arg is an empty sequence
min() arg is an empty sequence
min() arg is an empty sequence
min() arg is an empty sequence
min() arg is an empty sequence
min() arg is an empty sequence
min() arg is an empty sequence
min() arg is an empty sequence
min() arg is an empty sequence
min() arg is an empty sequence
min() arg is an empty sequence
min() arg is an empty sequence
min() arg is an empty sequence
min() arg is an empty sequence
min() arg is an empty sequence
min() arg is an empty sequence
min() arg is an empty sequence
min() arg is an empty sequence
min() arg is an empty sequence
min() arg is an empty sequence
min() arg is an empty sequence
min() arg is an empty sequence
min() arg is an empty sequence
min() arg is an empty sequence
min() arg is an empty sequence
min() arg is an empty sequence
min() arg is an empty sequence
min() arg is an empty sequence
min() arg is an empty sequence
min() arg is an empty sequence
'timeReceived'
'timeReceived'
'timeReceived'
'timeReceived'
'timeReceived'
'timeReceived'
=======
Status code: 400
{"code":"BadRequest","message":"Message: {\"errors\":[{\"severity\":\"Error\",\"location\":{\"start\":12,\"end\":13},\"code\":\"SC1001\",\"message\":\"Syntax error, incorrect syntax near '*'.\"}]}\r\nActivityId: f191196b-3958-47ee-8603-0259f710d8e4, Microsoft.Azure.Documents.Common/2.10.0"}
Status code: 400
{"code":"BadRequest","message":"Message: {\"errors\":[{\"severity\":\"Error\",\"location\":{\"start\":12,\"end\":13},\"code\":\"SC1001\",\"message\":\"Syntax error, incorrect syntax near '*'.\"}]}\r\nActivityId: dde6a897-9c6b-481a-b098-b581d2fcdfbd, Microsoft.Azure.Documents.Common/2.10.0"}
Status code: 404
{"code":"NotFound","message":"Message: {\"Errors\":[\"Resource Not Found\"]}\r\nActivityId: c5936efe-719f-4e1b-860c-e4683a6b38af, Request URI: /apps/4d629cad-2fb0-4b4c-aaab-86d3f9ccc3fd/services/8fa78f5a-66f1-4500-98b6-11dfa75cd6cc/partitions/8ad8dd32-3bb8-4c0a-8ded-b69f3faa8460/replicas/132291274128854393s, RequestStats: \r\nRequestStartTime: 2020-03-23T16:26:19.2224398Z, RequestEndTime: 2020-03-23T16:26:19.2324005Z,  Number of regions attempted:1\r\nResponseTime: 2020-03-23T16:26:19.2324005Z, StoreResult: StorePhysicalAddress: rntbd://10.0.0.28:11000/apps/4d629cad-2fb0-4b4c-aaab-86d3f9ccc3fd/services/8fa78f5a-66f1-4500-98b6-11dfa75cd6cc/partitions/8ad8dd32-3bb8-4c0a-8ded-b69f3faa8460/replicas/132291274128854393s, LSN: 27, GlobalCommittedLsn: 27, PartitionKeyRangeId: , IsValid: True, StatusCode: 404, SubStatusCode: 0, RequestCharge: 1, ItemLSN: -1, SessionToken: -1#27, UsingLocalLSN: False, TransportException: null, ResourceType: Collection, OperationType: Read\r\nResponseTime: 2020-03-23T16:26:19.2324005Z, StoreResult: StorePhysicalAddress: rntbd://10.0.0.27:11300/apps/4d629cad-2fb0-4b4c-aaab-86d3f9ccc3fd/services/8fa78f5a-66f1-4500-98b6-11dfa75cd6cc/partitions/8ad8dd32-3bb8-4c0a-8ded-b69f3faa8460/replicas/132292322760752903s, LSN: 27, GlobalCommittedLsn: 27, PartitionKeyRangeId: , IsValid: True, StatusCode: 404, SubStatusCode: 0, RequestCharge: 1, ItemLSN: -1, SessionToken: -1#27, UsingLocalLSN: False, TransportException: null, ResourceType: Collection, OperationType: Read\r\n, SDK: Microsoft.Azure.Documents.Common/2.10.0"}
Status code: 404
{"code":"NotFound","message":"Message: {\"Errors\":[\"Resource Not Found\"]}\r\nActivityId: 92d17384-9e0d-4918-8122-126411b0e19b, Request URI: /apps/4d629cad-2fb0-4b4c-aaab-86d3f9ccc3fd/services/8fa78f5a-66f1-4500-98b6-11dfa75cd6cc/partitions/8ad8dd32-3bb8-4c0a-8ded-b69f3faa8460/replicas/132294167401669560s, RequestStats: \r\nRequestStartTime: 2020-03-23T16:26:19.2257122Z, RequestEndTime: 2020-03-23T16:26:19.2357378Z,  Number of regions attempted:1\r\nResponseTime: 2020-03-23T16:26:19.2357378Z, StoreResult: StorePhysicalAddress: rntbd://10.0.0.31:11300/apps/4d629cad-2fb0-4b4c-aaab-86d3f9ccc3fd/services/8fa78f5a-66f1-4500-98b6-11dfa75cd6cc/partitions/8ad8dd32-3bb8-4c0a-8ded-b69f3faa8460/replicas/132294167401669560s, LSN: 27, GlobalCommittedLsn: 27, PartitionKeyRangeId: , IsValid: True, StatusCode: 404, SubStatusCode: 0, RequestCharge: 1, ItemLSN: -1, SessionToken: -1#27, UsingLocalLSN: False, TransportException: null, ResourceType: Collection, OperationType: Read\r\nResponseTime: 2020-03-23T16:26:19.2357378Z, StoreResult: StorePhysicalAddress: rntbd://10.0.0.28:11000/apps/4d629cad-2fb0-4b4c-aaab-86d3f9ccc3fd/services/8fa78f5a-66f1-4500-98b6-11dfa75cd6cc/partitions/8ad8dd32-3bb8-4c0a-8ded-b69f3faa8460/replicas/132291274128854393s, LSN: 27, GlobalCommittedLsn: 27, PartitionKeyRangeId: , IsValid: True, StatusCode: 404, SubStatusCode: 0, RequestCharge: 1, ItemLSN: -1, SessionToken: -1#27, UsingLocalLSN: False, TransportException: null, ResourceType: Collection, OperationType: Read\r\n, SDK: Microsoft.Azure.Documents.Common/2.10.0"}
Status code: 404
{"code":"NotFound","message":"Message: {\"Errors\":[\"Resource Not Found\"]}\r\nActivityId: c2f3b164-0a27-4e51-a550-a131ef16973d, Request URI: /apps/4d629cad-2fb0-4b4c-aaab-86d3f9ccc3fd/services/8fa78f5a-66f1-4500-98b6-11dfa75cd6cc/partitions/8ad8dd32-3bb8-4c0a-8ded-b69f3faa8460/replicas/132291274128854393s, RequestStats: \r\nRequestStartTime: 2020-03-23T16:26:21.0911562Z, RequestEndTime: 2020-03-23T16:26:21.0911562Z,  Number of regions attempted:1\r\nResponseTime: 2020-03-23T16:26:21.0911562Z, StoreResult: StorePhysicalAddress: rntbd://10.0.0.28:11000/apps/4d629cad-2fb0-4b4c-aaab-86d3f9ccc3fd/services/8fa78f5a-66f1-4500-98b6-11dfa75cd6cc/partitions/8ad8dd32-3bb8-4c0a-8ded-b69f3faa8460/replicas/132291274128854393s, LSN: 27, GlobalCommittedLsn: 27, PartitionKeyRangeId: , IsValid: True, StatusCode: 404, SubStatusCode: 0, RequestCharge: 1, ItemLSN: -1, SessionToken: -1#27, UsingLocalLSN: False, TransportException: null, ResourceType: Collection, OperationType: Read\r\nResponseTime: 2020-03-23T16:26:21.0911562Z, StoreResult: StorePhysicalAddress: rntbd://10.0.0.27:11300/apps/4d629cad-2fb0-4b4c-aaab-86d3f9ccc3fd/services/8fa78f5a-66f1-4500-98b6-11dfa75cd6cc/partitions/8ad8dd32-3bb8-4c0a-8ded-b69f3faa8460/replicas/132292322760752903s, LSN: 27, GlobalCommittedLsn: 27, PartitionKeyRangeId: , IsValid: True, StatusCode: 404, SubStatusCode: 0, RequestCharge: 1, ItemLSN: -1, SessionToken: -1#27, UsingLocalLSN: False, TransportException: null, ResourceType: Collection, OperationType: Read\r\n, SDK: Microsoft.Azure.Documents.Common/2.10.0"}
<<<<<<< HEAD
=======
<<<<<<< HEAD
<<<<<<< HEAD
=======
>>>>>>> a9e3851bacbffcda120b9644ebe602ffa21eed99
Status code: 405
{"code":"MethodNotAllowed","message":"RequestHandler.Post"}
Status code: 405
{"code":"MethodNotAllowed","message":"RequestHandler.Post"}
Status code: 405
{"code":"MethodNotAllowed","message":"RequestHandler.Post"}
Status code: 405
{"code":"MethodNotAllowed","message":"RequestHandler.Post"}
>>>>>>> 7d5897a91dfb01d50eb5c8f97e38d72b5f0813b5
min() arg is an empty sequence
min() arg is an empty sequence
min() arg is an empty sequence
min() arg is an empty sequence
<<<<<<< HEAD
=======
Status code: 405
{"code":"MethodNotAllowed","message":"RequestHandler.Post"}
Status code: 405
{"code":"MethodNotAllowed","message":"RequestHandler.Post"}
Status code: 405
{"code":"MethodNotAllowed","message":"RequestHandler.Post"}
Status code: 405
{"code":"MethodNotAllowed","message":"RequestHandler.Post"}
Status code: 405
{"code":"MethodNotAllowed","message":"RequestHandler.Post"}
>>>>>>> 7d5897a91dfb01d50eb5c8f97e38d72b5f0813b5
min() arg is an empty sequence
min() arg is an empty sequence
min() arg is an empty sequence
min() arg is an empty sequence
min() arg is an empty sequence
min() arg is an empty sequence
min() arg is an empty sequence
min() arg is an empty sequence
min() arg is an empty sequence
min() arg is an empty sequence
min() arg is an empty sequence
min() arg is an empty sequence
<<<<<<< HEAD
min() arg is an empty sequence
min() arg is an empty sequence
=======
Status code: 405
{"code":"MethodNotAllowed","message":"RequestHandler.Post"}
Status code: 405
{"code":"MethodNotAllowed","message":"RequestHandler.Post"}
min() arg is an empty sequence
min() arg is an empty sequence
Status code: 405
{"code":"MethodNotAllowed","message":"RequestHandler.Post"}
Status code: 405
{"code":"MethodNotAllowed","message":"RequestHandler.Post"}
Status code: 405
{"code":"MethodNotAllowed","message":"RequestHandler.Post"}
Status code: 405
{"code":"MethodNotAllowed","message":"RequestHandler.Post"}
Status code: 405
{"code":"MethodNotAllowed","message":"RequestHandler.Post"}
Status code: 405
{"code":"MethodNotAllowed","message":"RequestHandler.Post"}
Status code: 405
{"code":"MethodNotAllowed","message":"RequestHandler.Post"}
Status code: 405
{"code":"MethodNotAllowed","message":"RequestHandler.Post"}
Status code: 405
{"code":"MethodNotAllowed","message":"RequestHandler.Post"}
Status code: 405
{"code":"MethodNotAllowed","message":"RequestHandler.Post"}
Status code: 405
{"code":"MethodNotAllowed","message":"RequestHandler.Post"}
Status code: 405
{"code":"MethodNotAllowed","message":"RequestHandler.Post"}
Status code: 405
{"code":"MethodNotAllowed","message":"RequestHandler.Post"}
Status code: 405
{"code":"MethodNotAllowed","message":"RequestHandler.Post"}
Status code: 405
{"code":"MethodNotAllowed","message":"RequestHandler.Post"}
Status code: 405
{"code":"MethodNotAllowed","message":"RequestHandler.Post"}
Status code: 405
{"code":"MethodNotAllowed","message":"RequestHandler.Post"}
>>>>>>> 7d5897a91dfb01d50eb5c8f97e38d72b5f0813b5
min() arg is an empty sequence
min() arg is an empty sequence
min() arg is an empty sequence
min() arg is an empty sequence
min() arg is an empty sequence
min() arg is an empty sequence
min() arg is an empty sequence
<<<<<<< HEAD
min() arg is an empty sequence
min() arg is an empty sequence
min() arg is an empty sequence
min() arg is an empty sequence
min() arg is an empty sequence
min() arg is an empty sequence
min() arg is an empty sequence
min() arg is an empty sequence
min() arg is an empty sequence
min() arg is an empty sequence
min() arg is an empty sequence
min() arg is an empty sequence
min() arg is an empty sequence
min() arg is an empty sequence
min() arg is an empty sequence
min() arg is an empty sequence
min() arg is an empty sequence
min() arg is an empty sequence
min() arg is an empty sequence
min() arg is an empty sequence
min() arg is an empty sequence
min() arg is an empty sequence
min() arg is an empty sequence
min() arg is an empty sequence
min() arg is an empty sequence
min() arg is an empty sequence
min() arg is an empty sequence
min() arg is an empty sequence
min() arg is an empty sequence
min() arg is an empty sequence
min() arg is an empty sequence
min() arg is an empty sequence
min() arg is an empty sequence
min() arg is an empty sequence
min() arg is an empty sequence
min() arg is an empty sequence
min() arg is an empty sequence
min() arg is an empty sequence
min() arg is an empty sequence
min() arg is an empty sequence
min() arg is an empty sequence
min() arg is an empty sequence
min() arg is an empty sequence
min() arg is an empty sequence
min() arg is an empty sequence
min() arg is an empty sequence
min() arg is an empty sequence
min() arg is an empty sequence
min() arg is an empty sequence
min() arg is an empty sequence
min() arg is an empty sequence
min() arg is an empty sequence
min() arg is an empty sequence
min() arg is an empty sequence
min() arg is an empty sequence
min() arg is an empty sequence
min() arg is an empty sequence
min() arg is an empty sequence
min() arg is an empty sequence
min() arg is an empty sequence
min() arg is an empty sequence
min() arg is an empty sequence
min() arg is an empty sequence
min() arg is an empty sequence
min() arg is an empty sequence
min() arg is an empty sequence
min() arg is an empty sequence
min() arg is an empty sequence
min() arg is an empty sequence
min() arg is an empty sequence
min() arg is an empty sequence
min() arg is an empty sequence
min() arg is an empty sequence
min() arg is an empty sequence
min() arg is an empty sequence
min() arg is an empty sequence
min() arg is an empty sequence
min() arg is an empty sequence
min() arg is an empty sequence
min() arg is an empty sequence
min() arg is an empty sequence
min() arg is an empty sequence
min() arg is an empty sequence
min() arg is an empty sequence
min() arg is an empty sequence
min() arg is an empty sequence
min() arg is an empty sequence
min() arg is an empty sequence
min() arg is an empty sequence
min() arg is an empty sequence
min() arg is an empty sequence
min() arg is an empty sequence
min() arg is an empty sequence
min() arg is an empty sequence
min() arg is an empty sequence
min() arg is an empty sequence
min() arg is an empty sequence
min() arg is an empty sequence
min() arg is an empty sequence
min() arg is an empty sequence
min() arg is an empty sequence
min() arg is an empty sequence
min() arg is an empty sequence
min() arg is an empty sequence
min() arg is an empty sequence
min() arg is an empty sequence
min() arg is an empty sequence
min() arg is an empty sequence
min() arg is an empty sequence
min() arg is an empty sequence
min() arg is an empty sequence
min() arg is an empty sequence
min() arg is an empty sequence
min() arg is an empty sequence
min() arg is an empty sequence
min() arg is an empty sequence
min() arg is an empty sequence
min() arg is an empty sequence
min() arg is an empty sequence
min() arg is an empty sequence
min() arg is an empty sequence
min() arg is an empty sequence
min() arg is an empty sequence
min() arg is an empty sequence
min() arg is an empty sequence
min() arg is an empty sequence
min() arg is an empty sequence
min() arg is an empty sequence
min() arg is an empty sequence
min() arg is an empty sequence
min() arg is an empty sequence
min() arg is an empty sequence
min() arg is an empty sequence
min() arg is an empty sequence
min() arg is an empty sequence
min() arg is an empty sequence
min() arg is an empty sequence
=======
Status code: 400
{"code":"BadRequest","message":"Message: {\"errors\":[{\"severity\":\"Error\",\"location\":{\"start\":12,\"end\":13},\"code\":\"SC1001\",\"message\":\"Syntax error, incorrect syntax near '*'.\"}]}\r\nActivityId: ad7acda1-c1cb-477b-b646-a51038f3112f, Microsoft.Azure.Documents.Common/2.10.0"}
Status code: 400
{"code":"BadRequest","message":"Message: {\"errors\":[{\"severity\":\"Error\",\"location\":{\"start\":12,\"end\":13},\"code\":\"SC1001\",\"message\":\"Syntax error, incorrect syntax near '*'.\"}]}\r\nActivityId: 783ce5f1-0e78-444d-a234-5fb624675b9e, Microsoft.Azure.Documents.Common/2.10.0"}
>>>>>>> 17a2f1e16cbe925ac89b69da8bb342abd9167299
=======
>>>>>>> 7d5897a91dfb01d50eb5c8f97e38d72b5f0813b5
<<<<<<< HEAD
min() arg is an empty sequence
min() arg is an empty sequence
min() arg is an empty sequence
min() arg is an empty sequence
min() arg is an empty sequence
min() arg is an empty sequence
min() arg is an empty sequence
<<<<<<< HEAD
=======
>>>>>>> 48df53858f813d9894232ed67869e7b53a019a82
>>>>>>> d8741c1cf8e77b31b2adea9db6008a537c37963a
=======
min() arg is an empty sequence
min() arg is an empty sequence
min() arg is an empty sequence
>>>>>>> 9a1fc628042e0376cdd1dda191479462c397db90
min() arg is an empty sequence
min() arg is an empty sequence
min() arg is an empty sequence
